[[SHEATH:CG-SH3-264f, NOTES:CGSO-22-V1, FIBRE_SYSTEM:CG-1:CG-482:fs9, BUFFER:Rose, FIBRE:Yellow, END:CG-10-1-1, START:CG-1739-1-4, PAYLOAD:PIF-0]]